Component: Arm Compiler for Embedded 6.24 Tool: armlink [5f371500]

==============================================================================

Section Cross References

    main.o(.text.main) refers to system_sn32f400.o(.text.SystemInit) for SystemInit
    main.o(.text.main) refers to system_sn32f400.o(.text.SystemCoreClockUpdate) for SystemCoreClockUpdate
    main.o(.text.main) refers to pfpa.o(.text.PFPA_Init) for PFPA_Init
    main.o(.text.main) refers to gpio.o(.text.GPIO_Init) for GPIO_Init
    main.o(.text.main) refers to gpio_protocol.o(.text.FPGA_Sync_GPIO_Init) for FPGA_Sync_GPIO_Init
    main.o(.text.main) refers to perclos.o(.text.Buzzer_Init) for Buzzer_Init
    main.o(.text.main) refers to wdt.o(.text.WDT_Init) for WDT_Init
    main.o(.text.main) refers to main.o(.text.Scan_Clock_Buttons) for Scan_Clock_Buttons
    main.o(.text.main) refers to segment.o(.text.Digital_DisplayDEC) for Digital_DisplayDEC
    main.o(.text.main) refers to segment.o(.text.Digital_Scan) for Digital_Scan
    main.o(.text.main) refers to utility.o(.text.UT_DelayNx10us) for UT_DelayNx10us
    main.o(.text.main) refers to gpio_protocol.o(.text.FPGA_Read_Result) for FPGA_Read_Result
    main.o(.text.main) refers to perclos.o(.text.Update_PERCLOS_And_Alarm) for Update_PERCLOS_And_Alarm
    main.o(.text.main) refers to gpio_protocol.o(.bss.flag_fpga_done) for flag_fpga_done
    main.o(.text.main) refers to main.o(.bss.ms_tick) for ms_tick
    main.o(.text.main) refers to main.o(.bss.seconds) for seconds
    main.o(.text.main) refers to main.o(.bss.minutes) for minutes
    main.o(.text.main) refers to main.o(.data.hours) for hours
    main.o(.ARM.exidx.text.main) refers to main.o(.text.main) for [Anonymous Symbol]
    main.o(.ARM.exidx.text.NotPinOut_GPIO_init) refers to main.o(.text.NotPinOut_GPIO_init) for [Anonymous Symbol]
    main.o(.text.System_Peripheral_Init) refers to gpio.o(.text.GPIO_Init) for GPIO_Init
    main.o(.text.System_Peripheral_Init) refers to gpio_protocol.o(.text.FPGA_Sync_GPIO_Init) for FPGA_Sync_GPIO_Init
    main.o(.text.System_Peripheral_Init) refers to perclos.o(.text.Buzzer_Init) for Buzzer_Init
    main.o(.ARM.exidx.text.System_Peripheral_Init) refers to main.o(.text.System_Peripheral_Init) for [Anonymous Symbol]
    main.o(.text.Scan_Clock_Buttons) refers to utility.o(.text.UT_DelayNx10us) for UT_DelayNx10us
    main.o(.text.Scan_Clock_Buttons) refers to segment.o(.text.Digital_Scan) for Digital_Scan
    main.o(.text.Scan_Clock_Buttons) refers to main.o(.data.hours) for hours
    main.o(.text.Scan_Clock_Buttons) refers to main.o(.bss.seconds) for seconds
    main.o(.text.Scan_Clock_Buttons) refers to main.o(.bss.minutes) for minutes
    main.o(.ARM.exidx.text.Scan_Clock_Buttons) refers to main.o(.text.Scan_Clock_Buttons) for [Anonymous Symbol]
    main.o(.ARM.exidx.text.Button_Clock_Init) refers to main.o(.text.Button_Clock_Init) for [Anonymous Symbol]
    main.o(.ARM.exidx.text.HardFault_Handler) refers to main.o(.text.HardFault_Handler) for [Anonymous Symbol]
    gpio_protocol.o(.ARM.exidx.text.FPGA_Sync_GPIO_Init) refers to gpio_protocol.o(.text.FPGA_Sync_GPIO_Init) for [Anonymous Symbol]
    gpio_protocol.o(.ARM.exidx.text.FPGA_Read_Result) refers to gpio_protocol.o(.text.FPGA_Read_Result) for [Anonymous Symbol]
    gpio_protocol.o(.text.P3_IRQHandler) refers to gpio_protocol.o(.bss.flag_fpga_done) for flag_fpga_done
    gpio_protocol.o(.ARM.exidx.text.P3_IRQHandler) refers to gpio_protocol.o(.text.P3_IRQHandler) for [Anonymous Symbol]
    perclos.o(.ARM.exidx.text.Buzzer_Init) refers to perclos.o(.text.Buzzer_Init) for [Anonymous Symbol]
    perclos.o(.text.Update_PERCLOS_And_Alarm) refers to perclos.o(.bss.consecutive_closed_count) for consecutive_closed_count
    perclos.o(.ARM.exidx.text.Update_PERCLOS_And_Alarm) refers to perclos.o(.text.Update_PERCLOS_And_Alarm) for [Anonymous Symbol]
    pfpa.o(.ARM.exidx.text.PFPA_Init) refers to pfpa.o(.text.PFPA_Init) for [Anonymous Symbol]
    gpio.o(.ARM.exidx.text.GPIO_Init) refers to gpio.o(.text.GPIO_Init) for [Anonymous Symbol]
    gpio.o(.ARM.exidx.text.P0_IRQHandler) refers to gpio.o(.text.P0_IRQHandler) for [Anonymous Symbol]
    gpio.o(.ARM.exidx.text.P1_IRQHandler) refers to gpio.o(.text.P1_IRQHandler) for [Anonymous Symbol]
    gpio.o(.ARM.exidx.text.P2_IRQHandler) refers to gpio.o(.text.P2_IRQHandler) for [Anonymous Symbol]
    wdt.o(.ARM.exidx.text.WDT_IRQHandler) refers to wdt.o(.text.WDT_IRQHandler) for [Anonymous Symbol]
    wdt.o(.ARM.exidx.text.WDT_Init) refers to wdt.o(.text.WDT_Init) for [Anonymous Symbol]
    wdt.o(.ARM.exidx.text.WDT_ReloadValue) refers to wdt.o(.text.WDT_ReloadValue) for [Anonymous Symbol]
    wdt.o(.ARM.exidx.text.WDT_NvicEnable) refers to wdt.o(.text.WDT_NvicEnable) for [Anonymous Symbol]
    wdt.o(.ARM.exidx.text.WDT_NvicDisable) refers to wdt.o(.text.WDT_NvicDisable) for [Anonymous Symbol]
    utility.o(.ARM.exidx.text.UT_DelayNx10us) refers to utility.o(.text.UT_DelayNx10us) for [Anonymous Symbol]
    utility.o(.ARM.exidx.text.UT_DelayNms) refers to utility.o(.text.UT_DelayNms) for [Anonymous Symbol]
    segment.o(.text.Digital_DisplayDEC) refers to segment.o(.rodata.SEGMENT_TABLE) for SEGMENT_TABLE
    segment.o(.text.Digital_DisplayDEC) refers to segment.o(.bss.segment_buff) for segment_buff
    segment.o(.ARM.exidx.text.Digital_DisplayDEC) refers to segment.o(.text.Digital_DisplayDEC) for [Anonymous Symbol]
    segment.o(.text.Digital_DisplayHEX) refers to segment.o(.rodata.SEGMENT_TABLE) for SEGMENT_TABLE
    segment.o(.text.Digital_DisplayHEX) refers to segment.o(.bss.segment_buff) for segment_buff
    segment.o(.ARM.exidx.text.Digital_DisplayHEX) refers to segment.o(.text.Digital_DisplayHEX) for [Anonymous Symbol]
    segment.o(.text.Digital_Scan) refers to segment.o(.bss.com_scan) for com_scan
    segment.o(.text.Digital_Scan) refers to segment.o(.bss.segment_buff) for segment_buff
    segment.o(.ARM.exidx.text.Digital_Scan) refers to segment.o(.text.Digital_Scan) for [Anonymous Symbol]
    startup_sn32f400.o(STACK) refers (Special) to heapauxi.o(.text) for __use_two_region_memory
    startup_sn32f400.o(HEAP) refers (Special) to heapauxi.o(.text) for __use_two_region_memory
    startup_sn32f400.o(RESET) refers (Special) to heapauxi.o(.text) for __use_two_region_memory
    startup_sn32f400.o(RESET) refers to startup_sn32f400.o(STACK) for __initial_sp
    startup_sn32f400.o(RESET) refers to startup_sn32f400.o(.text) for Reset_Handler
    startup_sn32f400.o(RESET) refers to main.o(.text.HardFault_Handler) for HardFault_Handler
    startup_sn32f400.o(RESET) refers to wdt.o(.text.WDT_IRQHandler) for WDT_IRQHandler
    startup_sn32f400.o(RESET) refers to gpio_protocol.o(.text.P3_IRQHandler) for P3_IRQHandler
    startup_sn32f400.o(RESET) refers to gpio.o(.text.P2_IRQHandler) for P2_IRQHandler
    startup_sn32f400.o(RESET) refers to gpio.o(.text.P1_IRQHandler) for P1_IRQHandler
    startup_sn32f400.o(RESET) refers to gpio.o(.text.P0_IRQHandler) for P0_IRQHandler
    startup_sn32f400.o(.ARM.__at_0x00007FFC) refers (Special) to heapauxi.o(.text) for __use_two_region_memory
    startup_sn32f400.o(.text) refers (Special) to heapauxi.o(.text) for __use_two_region_memory
    startup_sn32f400.o(.text) refers to __main.o(!!!main) for __main
    startup_sn32f400.o(.text) refers to startup_sn32f400.o(HEAP) for Heap_Mem
    startup_sn32f400.o(.text) refers to startup_sn32f400.o(STACK) for Stack_Mem
    system_sn32f400.o(.text.SystemCoreClockUpdate) refers to aeabi_sdivfast.o(.text_divfast) for __aeabi_uidiv
    system_sn32f400.o(.text.SystemCoreClockUpdate) refers to system_sn32f400.o(.bss.SystemCoreClock) for SystemCoreClock
    system_sn32f400.o(.ARM.exidx.text.SystemCoreClockUpdate) refers to system_sn32f400.o(.text.SystemCoreClockUpdate) for [Anonymous Symbol]
    system_sn32f400.o(.ARM.exidx.text.SystemInit) refers to system_sn32f400.o(.text.SystemInit) for [Anonymous Symbol]
    __main.o(!!!main) refers to __rtentry.o(.ARM.Collect$$rtentry$$00000000) for __rt_entry
    __rtentry.o(.ARM.Collect$$rtentry$$00000000) refers (Special) to __rtentry2.o(.ARM.Collect$$rtentry$$0000000A) for __rt_entry_li
    __rtentry.o(.ARM.Collect$$rtentry$$00000000) refers (Special) to __rtentry2.o(.ARM.Collect$$rtentry$$0000000D) for __rt_entry_main
    __rtentry.o(.ARM.Collect$$rtentry$$00000000) refers (Special) to __rtentry2.o(.ARM.Collect$$rtentry$$0000000C) for __rt_entry_postli_1
    __rtentry.o(.ARM.Collect$$rtentry$$00000000) refers (Special) to __rtentry2.o(.ARM.Collect$$rtentry$$00000009) for __rt_entry_postsh_1
    __rtentry.o(.ARM.Collect$$rtentry$$00000000) refers (Special) to __rtentry2.o(.ARM.Collect$$rtentry$$00000002) for __rt_entry_presh_1
    __rtentry.o(.ARM.Collect$$rtentry$$00000000) refers (Special) to __rtentry4.o(.ARM.Collect$$rtentry$$00000004) for __rt_entry_sh
    aeabi_idiv0_sigfpe.o(.text) refers to rt_div0.o(.text) for __rt_div0
    __rtentry2.o(.ARM.Collect$$rtentry$$00000008) refers to boardinit2.o(.text) for _platform_post_stackheap_init
    __rtentry2.o(.ARM.Collect$$rtentry$$0000000A) refers to libinit.o(.ARM.Collect$$libinit$$00000000) for __rt_lib_init
    __rtentry2.o(.ARM.Collect$$rtentry$$0000000B) refers to boardinit3.o(.text) for _platform_post_lib_init
    __rtentry2.o(.ARM.Collect$$rtentry$$0000000D) refers to main.o(.text.main) for main
    __rtentry2.o(.ARM.Collect$$rtentry$$0000000D) refers to exit.o(.text) for exit
    __rtentry2.o(.ARM.exidx) refers to __rtentry2.o(.ARM.Collect$$rtentry$$00000001) for .ARM.Collect$$rtentry$$00000001
    __rtentry2.o(.ARM.exidx) refers to __rtentry2.o(.ARM.Collect$$rtentry$$00000008) for .ARM.Collect$$rtentry$$00000008
    __rtentry2.o(.ARM.exidx) refers to __rtentry2.o(.ARM.Collect$$rtentry$$0000000A) for .ARM.Collect$$rtentry$$0000000A
    __rtentry2.o(.ARM.exidx) refers to __rtentry2.o(.ARM.Collect$$rtentry$$0000000B) for .ARM.Collect$$rtentry$$0000000B
    __rtentry2.o(.ARM.exidx) refers to __rtentry2.o(.ARM.Collect$$rtentry$$0000000D) for .ARM.Collect$$rtentry$$0000000D
    __rtentry4.o(.ARM.Collect$$rtentry$$00000004) refers to sys_stackheap_outer.o(.text) for __user_setup_stackheap
    __rtentry4.o(.ARM.exidx) refers to __rtentry4.o(.ARM.Collect$$rtentry$$00000004) for .ARM.Collect$$rtentry$$00000004
    rt_div0.o(.text) refers to defsig_fpe_outer.o(.text) for __rt_SIGFPE
    sys_stackheap_outer.o(.text) refers to libspace.o(.text) for __user_perproc_libspace
    sys_stackheap_outer.o(.text) refers to startup_sn32f400.o(.text) for __user_initial_stackheap
    sys_stackheap_outer.o(__vectab_stack_and_reset_area) refers to tempstk.o(.text) for __temporary_stack_top
    sys_stackheap_outer.o(__vectab_stack_and_reset_area) refers to __main.o(!!!main) for __main
    exit.o(.text) refers to rtexit.o(.ARM.Collect$$rtexit$$00000000) for __rt_exit
    defsig_fpe_outer.o(.text) refers to defsig_fpe_inner.o(.text) for __rt_SIGFPE_inner
    defsig_fpe_outer.o(.text) refers to defsig_exit.o(.text) for __sig_exit
    defsig_fpe_formal.o(.text) refers to rt_raise.o(.text) for __rt_raise
    libinit.o(.ARM.Collect$$libinit$$00000000) refers (Special) to libinit2.o(.ARM.Collect$$libinit$$00000030) for __rt_lib_init_alloca_1
    libinit.o(.ARM.Collect$$libinit$$00000000) refers (Special) to libinit2.o(.ARM.Collect$$libinit$$0000002E) for __rt_lib_init_argv_1
    libinit.o(.ARM.Collect$$libinit$$00000000) refers (Special) to libinit2.o(.ARM.Collect$$libinit$$0000001D) for __rt_lib_init_atexit_1
    libinit.o(.ARM.Collect$$libinit$$00000000) refers (Special) to libinit2.o(.ARM.Collect$$libinit$$00000023) for __rt_lib_init_clock_1
    libinit.o(.ARM.Collect$$libinit$$00000000) refers (Special) to libinit2.o(.ARM.Collect$$libinit$$00000034) for __rt_lib_init_cpp_1
    libinit.o(.ARM.Collect$$libinit$$00000000) refers (Special) to libinit2.o(.ARM.Collect$$libinit$$00000032) for __rt_lib_init_exceptions_1
    libinit.o(.ARM.Collect$$libinit$$00000000) refers (Special) to libinit2.o(.ARM.Collect$$libinit$$00000002) for __rt_lib_init_fp_1
    libinit.o(.ARM.Collect$$libinit$$00000000) refers (Special) to libinit2.o(.ARM.Collect$$libinit$$00000021) for __rt_lib_init_fp_trap_1
    libinit.o(.ARM.Collect$$libinit$$00000000) refers (Special) to libinit2.o(.ARM.Collect$$libinit$$00000025) for __rt_lib_init_getenv_1
    libinit.o(.ARM.Collect$$libinit$$00000000) refers (Special) to libinit2.o(.ARM.Collect$$libinit$$0000000C) for __rt_lib_init_heap_1
    libinit.o(.ARM.Collect$$libinit$$00000000) refers (Special) to libinit2.o(.ARM.Collect$$libinit$$00000013) for __rt_lib_init_lc_collate_1
    libinit.o(.ARM.Collect$$libinit$$00000000) refers (Special) to libinit2.o(.ARM.Collect$$libinit$$00000015) for __rt_lib_init_lc_ctype_1
    libinit.o(.ARM.Collect$$libinit$$00000000) refers (Special) to libinit2.o(.ARM.Collect$$libinit$$00000017) for __rt_lib_init_lc_monetary_1
    libinit.o(.ARM.Collect$$libinit$$00000000) refers (Special) to libinit2.o(.ARM.Collect$$libinit$$00000019) for __rt_lib_init_lc_numeric_1
    libinit.o(.ARM.Collect$$libinit$$00000000) refers (Special) to libinit2.o(.ARM.Collect$$libinit$$0000001B) for __rt_lib_init_lc_time_1
    libinit.o(.ARM.Collect$$libinit$$00000000) refers (Special) to libinit2.o(.ARM.Collect$$libinit$$00000006) for __rt_lib_init_preinit_1
    libinit.o(.ARM.Collect$$libinit$$00000000) refers (Special) to libinit2.o(.ARM.Collect$$libinit$$00000010) for __rt_lib_init_rand_1
    libinit.o(.ARM.Collect$$libinit$$00000000) refers (Special) to libinit2.o(.ARM.Collect$$libinit$$00000004) for __rt_lib_init_relocate_pie_1
    libinit.o(.ARM.Collect$$libinit$$00000000) refers (Special) to libinit2.o(.ARM.Collect$$libinit$$00000035) for __rt_lib_init_return
    libinit.o(.ARM.Collect$$libinit$$00000000) refers (Special) to libinit2.o(.ARM.Collect$$libinit$$0000001F) for __rt_lib_init_signal_1
    libinit.o(.ARM.Collect$$libinit$$00000000) refers (Special) to libinit2.o(.ARM.Collect$$libinit$$00000027) for __rt_lib_init_stdio_1
    libinit.o(.ARM.Collect$$libinit$$00000000) refers (Special) to libinit2.o(.ARM.Collect$$libinit$$0000000E) for __rt_lib_init_user_alloc_1
    libspace.o(.text) refers to libspace.o(.bss) for __libspace_start
    rtexit.o(.ARM.Collect$$rtexit$$00000000) refers (Special) to rtexit2.o(.ARM.Collect$$rtexit$$00000004) for __rt_exit_exit
    rtexit.o(.ARM.Collect$$rtexit$$00000000) refers (Special) to rtexit2.o(.ARM.Collect$$rtexit$$00000003) for __rt_exit_ls
    rtexit.o(.ARM.Collect$$rtexit$$00000000) refers (Special) to rtexit2.o(.ARM.Collect$$rtexit$$00000002) for __rt_exit_prels_1
    rtexit.o(.ARM.exidx) refers (Special) to rtexit2.o(.ARM.Collect$$rtexit$$00000004) for __rt_exit_exit
    rtexit.o(.ARM.exidx) refers (Special) to rtexit2.o(.ARM.Collect$$rtexit$$00000003) for __rt_exit_ls
    rtexit.o(.ARM.exidx) refers (Special) to rtexit2.o(.ARM.Collect$$rtexit$$00000002) for __rt_exit_prels_1
    rtexit.o(.ARM.exidx) refers to rtexit.o(.ARM.Collect$$rtexit$$00000000) for .ARM.Collect$$rtexit$$00000000
    rt_raise.o(.text) refers to __raise.o(.text) for __raise
    rt_raise.o(.text) refers to sys_exit.o(.text) for _sys_exit
    defsig_exit.o(.text) refers to sys_exit.o(.text) for _sys_exit
    defsig_fpe_inner.o(.text) refers to defsig_general.o(.text) for __default_signal_display
    libinit2.o(.ARM.Collect$$libinit$$00000012) refers to libinit2.o(.ARM.Collect$$libinit$$00000011) for .ARM.Collect$$libinit$$00000011
    libinit2.o(.ARM.Collect$$libinit$$00000014) refers to libinit2.o(.ARM.Collect$$libinit$$00000011) for .ARM.Collect$$libinit$$00000011
    libinit2.o(.ARM.Collect$$libinit$$00000016) refers to libinit2.o(.ARM.Collect$$libinit$$00000011) for .ARM.Collect$$libinit$$00000011
    libinit2.o(.ARM.Collect$$libinit$$00000018) refers to libinit2.o(.ARM.Collect$$libinit$$00000011) for .ARM.Collect$$libinit$$00000011
    libinit2.o(.ARM.Collect$$libinit$$0000001A) refers to libinit2.o(.ARM.Collect$$libinit$$00000011) for .ARM.Collect$$libinit$$00000011
    libinit2.o(.ARM.Collect$$libinit$$00000028) refers to argv_veneer.o(.text) for __ARM_argv_veneer
    libinit2.o(.ARM.Collect$$libinit$$00000029) refers to argv_veneer.o(.text) for __ARM_argv_veneer
    sys_exit.o(.text) refers (Special) to use_no_semi.o(.text) for __I$use$semihosting
    sys_exit.o(.text) refers (Special) to indicate_semi.o(.text) for __semihosting_library_function
    sys_exit_hlt.o(.text) refers (Special) to use_no_semi.o(.text) for __I$use$semihosting
    sys_exit_hlt.o(.text) refers (Special) to indicate_semi.o(.text) for __semihosting_library_function
    rtexit2.o(.ARM.Collect$$rtexit$$00000003) refers to libshutdown.o(.ARM.Collect$$libshutdown$$00000000) for __rt_lib_shutdown
    rtexit2.o(.ARM.Collect$$rtexit$$00000004) refers to sys_exit.o(.text) for _sys_exit
    rtexit2.o(.ARM.exidx) refers to rtexit2.o(.ARM.Collect$$rtexit$$00000001) for .ARM.Collect$$rtexit$$00000001
    rtexit2.o(.ARM.exidx) refers to rtexit2.o(.ARM.Collect$$rtexit$$00000003) for .ARM.Collect$$rtexit$$00000003
    rtexit2.o(.ARM.exidx) refers to rtexit2.o(.ARM.Collect$$rtexit$$00000004) for .ARM.Collect$$rtexit$$00000004
    __raise.o(.text) refers to defsig.o(CL$$defsig) for __default_signal_handler
    defsig_general.o(.text) refers to sys_wrch.o(.text) for _ttywrch
    sys_wrch.o(.text) refers (Special) to use_no_semi.o(.text) for __I$use$semihosting
    sys_wrch.o(.text) refers (Special) to indicate_semi.o(.text) for __semihosting_library_function
    sys_wrch_hlt.o(.text) refers (Special) to use_no_semi.o(.text) for __I$use$semihosting
    sys_wrch_hlt.o(.text) refers (Special) to indicate_semi.o(.text) for __semihosting_library_function
    defsig.o(CL$$defsig) refers to defsig_fpe_inner.o(.text) for __rt_SIGFPE_inner
    defsig.o(CL$$defsig) refers to defsig_rtmem_inner.o(.text) for __rt_SIGRTMEM_inner
    _get_argv_nomalloc.o(.text) refers (Special) to hrguard.o(.text) for __heap_region$guard
    _get_argv_nomalloc.o(.text) refers to defsig_rtmem_outer.o(.text) for __rt_SIGRTMEM
    _get_argv_nomalloc.o(.text) refers to sys_command.o(.text) for _sys_command_string
    libshutdown.o(.ARM.Collect$$libshutdown$$00000000) refers (Special) to libshutdown2.o(.ARM.Collect$$libshutdown$$00000002) for __rt_lib_shutdown_cpp_1
    libshutdown.o(.ARM.Collect$$libshutdown$$00000000) refers (Special) to libshutdown2.o(.ARM.Collect$$libshutdown$$00000007) for __rt_lib_shutdown_fp_trap_1
    libshutdown.o(.ARM.Collect$$libshutdown$$00000000) refers (Special) to libshutdown2.o(.ARM.Collect$$libshutdown$$0000000F) for __rt_lib_shutdown_heap_1
    libshutdown.o(.ARM.Collect$$libshutdown$$00000000) refers (Special) to libshutdown2.o(.ARM.Collect$$libshutdown$$00000010) for __rt_lib_shutdown_return
    libshutdown.o(.ARM.Collect$$libshutdown$$00000000) refers (Special) to libshutdown2.o(.ARM.Collect$$libshutdown$$0000000A) for __rt_lib_shutdown_signal_1
    libshutdown.o(.ARM.Collect$$libshutdown$$00000000) refers (Special) to libshutdown2.o(.ARM.Collect$$libshutdown$$00000004) for __rt_lib_shutdown_stdio_1
    libshutdown.o(.ARM.Collect$$libshutdown$$00000000) refers (Special) to libshutdown2.o(.ARM.Collect$$libshutdown$$0000000C) for __rt_lib_shutdown_user_alloc_1
    sys_command.o(.text) refers (Special) to use_no_semi.o(.text) for __I$use$semihosting
    sys_command.o(.text) refers (Special) to indicate_semi.o(.text) for __semihosting_library_function
    sys_command_hlt.o(.text) refers (Special) to use_no_semi.o(.text) for __I$use$semihosting
    sys_command_hlt.o(.text) refers (Special) to indicate_semi.o(.text) for __semihosting_library_function
    defsig_abrt_inner.o(.text) refers to defsig_general.o(.text) for __default_signal_display
    defsig_rtred_inner.o(.text) refers to defsig_general.o(.text) for __default_signal_display
    defsig_rtmem_inner.o(.text) refers to defsig_general.o(.text) for __default_signal_display
    defsig_rtmem_outer.o(.text) refers to defsig_rtmem_inner.o(.text) for __rt_SIGRTMEM_inner
    defsig_rtmem_outer.o(.text) refers to defsig_exit.o(.text) for __sig_exit
    defsig_rtmem_formal.o(.text) refers to rt_raise.o(.text) for __rt_raise
    defsig_stak_inner.o(.text) refers to defsig_general.o(.text) for __default_signal_display
    defsig_pvfn_inner.o(.text) refers to defsig_general.o(.text) for __default_signal_display
    defsig_cppl_inner.o(.text) refers to defsig_general.o(.text) for __default_signal_display
    defsig_segv_inner.o(.text) refers to defsig_general.o(.text) for __default_signal_display
    defsig_other.o(.text) refers to defsig_general.o(.text) for __default_signal_display


==============================================================================

Removing Unused input sections from the image.

    Removing main.o(.text), (0 bytes).
    Removing main.o(.ARM.exidx.text.main), (8 bytes).
    Removing main.o(.text.NotPinOut_GPIO_init), (16 bytes).
    Removing main.o(.ARM.exidx.text.NotPinOut_GPIO_init), (8 bytes).
    Removing main.o(.text.System_Peripheral_Init), (64 bytes).
    Removing main.o(.ARM.exidx.text.System_Peripheral_Init), (8 bytes).
    Removing main.o(.ARM.exidx.text.Scan_Clock_Buttons), (8 bytes).
    Removing main.o(.text.Button_Clock_Init), (48 bytes).
    Removing main.o(.ARM.exidx.text.Button_Clock_Init), (8 bytes).
    Removing main.o(.ARM.exidx.text.HardFault_Handler), (8 bytes).
    Removing main.o(.ARM.use_no_argv), (4 bytes).
    Removing gpio_protocol.o(.text), (0 bytes).
    Removing gpio_protocol.o(.ARM.exidx.text.FPGA_Sync_GPIO_Init), (8 bytes).
    Removing gpio_protocol.o(.ARM.exidx.text.FPGA_Read_Result), (8 bytes).
    Removing gpio_protocol.o(.ARM.exidx.text.P3_IRQHandler), (8 bytes).
    Removing perclos.o(.text), (0 bytes).
    Removing perclos.o(.ARM.exidx.text.Buzzer_Init), (8 bytes).
    Removing perclos.o(.ARM.exidx.text.Update_PERCLOS_And_Alarm), (8 bytes).
    Removing pfpa.o(.text), (0 bytes).
    Removing pfpa.o(.ARM.exidx.text.PFPA_Init), (8 bytes).
    Removing gpio.o(.text), (0 bytes).
    Removing gpio.o(.ARM.exidx.text.GPIO_Init), (8 bytes).
    Removing gpio.o(.ARM.exidx.text.P0_IRQHandler), (8 bytes).
    Removing gpio.o(.ARM.exidx.text.P1_IRQHandler), (8 bytes).
    Removing gpio.o(.ARM.exidx.text.P2_IRQHandler), (8 bytes).
    Removing wdt.o(.text), (0 bytes).
    Removing wdt.o(.ARM.exidx.text.WDT_IRQHandler), (8 bytes).
    Removing wdt.o(.ARM.exidx.text.WDT_Init), (8 bytes).
    Removing wdt.o(.text.WDT_ReloadValue), (28 bytes).
    Removing wdt.o(.ARM.exidx.text.WDT_ReloadValue), (8 bytes).
    Removing wdt.o(.text.WDT_NvicEnable), (40 bytes).
    Removing wdt.o(.ARM.exidx.text.WDT_NvicEnable), (8 bytes).
    Removing wdt.o(.text.WDT_NvicDisable), (24 bytes).
    Removing wdt.o(.ARM.exidx.text.WDT_NvicDisable), (8 bytes).
    Removing utility.o(.text), (0 bytes).
    Removing utility.o(.ARM.exidx.text.UT_DelayNx10us), (8 bytes).
    Removing utility.o(.text.UT_DelayNms), (48 bytes).
    Removing utility.o(.ARM.exidx.text.UT_DelayNms), (8 bytes).
    Removing segment.o(.text), (0 bytes).
    Removing segment.o(.ARM.exidx.text.Digital_DisplayDEC), (8 bytes).
    Removing segment.o(.text.Digital_DisplayHEX), (44 bytes).
    Removing segment.o(.ARM.exidx.text.Digital_DisplayHEX), (8 bytes).
    Removing segment.o(.ARM.exidx.text.Digital_Scan), (8 bytes).
    Removing system_sn32f400.o(.text), (0 bytes).
    Removing system_sn32f400.o(.ARM.exidx.text.SystemCoreClockUpdate), (8 bytes).
    Removing system_sn32f400.o(.ARM.exidx.text.SystemInit), (8 bytes).

46 unused section(s) (total 540 bytes) removed from the image.

==============================================================================

Image Symbol Table

    Local Symbols

    Symbol Name                              Value     Ov Type        Size  Object(Section)

    ../clib/angel/boardlib.s                 0x00000000   Number         0  boardinit1.o ABSOLUTE
    ../clib/angel/boardlib.s                 0x00000000   Number         0  boardinit2.o ABSOLUTE
    ../clib/angel/boardlib.s                 0x00000000   Number         0  boardinit3.o ABSOLUTE
    ../clib/angel/boardlib.s                 0x00000000   Number         0  boardshut.o ABSOLUTE
    ../clib/angel/handlers.s                 0x00000000   Number         0  __scatter_copy.o ABSOLUTE
    ../clib/angel/handlers.s                 0x00000000   Number         0  __scatter_zi.o ABSOLUTE
    ../clib/angel/kernel.s                   0x00000000   Number         0  __rtentry.o ABSOLUTE
    ../clib/angel/kernel.s                   0x00000000   Number         0  __rtentry2.o ABSOLUTE
    ../clib/angel/kernel.s                   0x00000000   Number         0  __rtentry4.o ABSOLUTE
    ../clib/angel/kernel.s                   0x00000000   Number         0  rtexit.o ABSOLUTE
    ../clib/angel/kernel.s                   0x00000000   Number         0  rtexit2.o ABSOLUTE
    ../clib/angel/rt.s                       0x00000000   Number         0  aeabi_idiv0.o ABSOLUTE
    ../clib/angel/rt.s                       0x00000000   Number         0  aeabi_idiv0_sigfpe.o ABSOLUTE
    ../clib/angel/rt.s                       0x00000000   Number         0  rt_div0.o ABSOLUTE
    ../clib/angel/rt.s                       0x00000000   Number         0  rt_raise.o ABSOLUTE
    ../clib/angel/scatterp.s                 0x00000000   Number         0  __scatter.o ABSOLUTE
    ../clib/angel/startup.s                  0x00000000   Number         0  __main.o ABSOLUTE
    ../clib/angel/sys.s                      0x00000000   Number         0  sys_stackheap_outer.o ABSOLUTE
    ../clib/angel/sys.s                      0x00000000   Number         0  libspace.o ABSOLUTE
    ../clib/angel/sys.s                      0x00000000   Number         0  tempstk.o ABSOLUTE
    ../clib/angel/sys.s                      0x00000000   Number         0  use_no_semi.o ABSOLUTE
    ../clib/angel/sys.s                      0x00000000   Number         0  indicate_semi.o ABSOLUTE
    ../clib/angel/sysapp.c                   0x00000000   Number         0  sys_exit.o ABSOLUTE
    ../clib/angel/sysapp.c                   0x00000000   Number         0  sys_exit_hlt.o ABSOLUTE
    ../clib/angel/sysapp.c                   0x00000000   Number         0  sys_wrch.o ABSOLUTE
    ../clib/angel/sysapp.c                   0x00000000   Number         0  sys_wrch_hlt.o ABSOLUTE
    ../clib/angel/sysapp.c                   0x00000000   Number         0  sys_command.o ABSOLUTE
    ../clib/angel/sysapp.c                   0x00000000   Number         0  sys_command_hlt.o ABSOLUTE
    ../clib/armsys.c                         0x00000000   Number         0  argv_veneer.o ABSOLUTE
    ../clib/armsys.c                         0x00000000   Number         0  _get_argv_nomalloc.o ABSOLUTE
    ../clib/armsys.c                         0x00000000   Number         0  no_argv.o ABSOLUTE
    ../clib/division.s                       0x00000000   Number         0  aeabi_sdivfast.o ABSOLUTE
    ../clib/division.s                       0x00000000   Number         0  aeabi_sdivfast_div0.o ABSOLUTE
    ../clib/heapalloc.c                      0x00000000   Number         0  hrguard.o ABSOLUTE
    ../clib/heapaux.c                        0x00000000   Number         0  heapauxi.o ABSOLUTE
    ../clib/libinit.s                        0x00000000   Number         0  libinit.o ABSOLUTE
    ../clib/libinit.s                        0x00000000   Number         0  libinit2.o ABSOLUTE
    ../clib/libinit.s                        0x00000000   Number         0  libshutdown.o ABSOLUTE
    ../clib/libinit.s                        0x00000000   Number         0  libshutdown2.o ABSOLUTE
    ../clib/signal.c                         0x00000000   Number         0  defsig_fpe_outer.o ABSOLUTE
    ../clib/signal.c                         0x00000000   Number         0  defsig_fpe_formal.o ABSOLUTE
    ../clib/signal.c                         0x00000000   Number         0  defsig_exit.o ABSOLUTE
    ../clib/signal.c                         0x00000000   Number         0  defsig_fpe_inner.o ABSOLUTE
    ../clib/signal.c                         0x00000000   Number         0  __raise.o ABSOLUTE
    ../clib/signal.c                         0x00000000   Number         0  defsig_general.o ABSOLUTE
    ../clib/signal.c                         0x00000000   Number         0  defsig_abrt_inner.o ABSOLUTE
    ../clib/signal.c                         0x00000000   Number         0  defsig_rtred_inner.o ABSOLUTE
    ../clib/signal.c                         0x00000000   Number         0  defsig_rtmem_inner.o ABSOLUTE
    ../clib/signal.c                         0x00000000   Number         0  defsig_rtmem_outer.o ABSOLUTE
    ../clib/signal.c                         0x00000000   Number         0  defsig_rtmem_formal.o ABSOLUTE
    ../clib/signal.c                         0x00000000   Number         0  defsig_stak_inner.o ABSOLUTE
    ../clib/signal.c                         0x00000000   Number         0  defsig_pvfn_inner.o ABSOLUTE
    ../clib/signal.c                         0x00000000   Number         0  defsig_cppl_inner.o ABSOLUTE
    ../clib/signal.c                         0x00000000   Number         0  defsig_segv_inner.o ABSOLUTE
    ../clib/signal.c                         0x00000000   Number         0  defsig_other.o ABSOLUTE
    ../clib/signal.s                         0x00000000   Number         0  defsig.o ABSOLUTE
    ../clib/stdlib.c                         0x00000000   Number         0  exit.o ABSOLUTE
    ../fplib/cfplib/fpinit.c                 0x00000000   Number         0  fpinit.o ABSOLUTE
    GPIO.c                                   0x00000000   Number         0  gpio.o ABSOLUTE
    PFPA.c                                   0x00000000   Number         0  pfpa.o ABSOLUTE
    RTE/Device/SN32F407F/startup_SN32F400.s  0x00000000   Number         0  startup_sn32f400.o ABSOLUTE
    Segment.c                                0x00000000   Number         0  segment.o ABSOLUTE
    Utility.c                                0x00000000   Number         0  utility.o ABSOLUTE
    WDT.c                                    0x00000000   Number         0  wdt.o ABSOLUTE
    dc.s                                     0x00000000   Number         0  dc.o ABSOLUTE
    gpio_protocol.c                          0x00000000   Number         0  gpio_protocol.o ABSOLUTE
    main.c                                   0x00000000   Number         0  main.o ABSOLUTE
    perclos.c                                0x00000000   Number         0  perclos.o ABSOLUTE
    system_SN32F400.c                        0x00000000   Number         0  system_sn32f400.o ABSOLUTE
    RESET                                    0x00000000   Section      192  startup_sn32f400.o(RESET)
    !!!main                                  0x000000c0   Section        8  __main.o(!!!main)
    !!!scatter                               0x000000c8   Section       84  __scatter.o(!!!scatter)
    !!handler_copy                           0x0000011c   Section       26  __scatter_copy.o(!!handler_copy)
    !!handler_null                           0x00000138   Section        2  __scatter.o(!!handler_null)
    !!handler_zi                             0x0000013c   Section       28  __scatter_zi.o(!!handler_zi)
    .ARM.Collect$$libinit$$00000000          0x00000158   Section        2  libinit.o(.ARM.Collect$$libinit$$00000000)
    .ARM.Collect$$libinit$$00000002          0x0000015a   Section        0  libinit2.o(.ARM.Collect$$libinit$$00000002)
    .ARM.Collect$$libinit$$00000004          0x0000015a   Section        0  libinit2.o(.ARM.Collect$$libinit$$00000004)
    .ARM.Collect$$libinit$$00000006          0x0000015a   Section        0  libinit2.o(.ARM.Collect$$libinit$$00000006)
    .ARM.Collect$$libinit$$0000000C          0x0000015a   Section        0  libinit2.o(.ARM.Collect$$libinit$$0000000C)
    .ARM.Collect$$libinit$$0000000E          0x0000015a   Section        0  libinit2.o(.ARM.Collect$$libinit$$0000000E)
    .ARM.Collect$$libinit$$00000010          0x0000015a   Section        0  libinit2.o(.ARM.Collect$$libinit$$00000010)
    .ARM.Collect$$libinit$$00000013          0x0000015a   Section        0  libinit2.o(.ARM.Collect$$libinit$$00000013)
    .ARM.Collect$$libinit$$00000015          0x0000015a   Section        0  libinit2.o(.ARM.Collect$$libinit$$00000015)
    .ARM.Collect$$libinit$$00000017          0x0000015a   Section        0  libinit2.o(.ARM.Collect$$libinit$$00000017)
    .ARM.Collect$$libinit$$00000019          0x0000015a   Section        0  libinit2.o(.ARM.Collect$$libinit$$00000019)
    .ARM.Collect$$libinit$$0000001B          0x0000015a   Section        0  libinit2.o(.ARM.Collect$$libinit$$0000001B)
    .ARM.Collect$$libinit$$0000001D          0x0000015a   Section        0  libinit2.o(.ARM.Collect$$libinit$$0000001D)
    .ARM.Collect$$libinit$$0000001F          0x0000015a   Section        0  libinit2.o(.ARM.Collect$$libinit$$0000001F)
    .ARM.Collect$$libinit$$00000021          0x0000015a   Section        0  libinit2.o(.ARM.Collect$$libinit$$00000021)
    .ARM.Collect$$libinit$$00000023          0x0000015a   Section        0  libinit2.o(.ARM.Collect$$libinit$$00000023)
    .ARM.Collect$$libinit$$00000025          0x0000015a   Section        0  libinit2.o(.ARM.Collect$$libinit$$00000025)
    .ARM.Collect$$libinit$$00000027          0x0000015a   Section        0  libinit2.o(.ARM.Collect$$libinit$$00000027)
    .ARM.Collect$$libinit$$0000002E          0x0000015a   Section        0  libinit2.o(.ARM.Collect$$libinit$$0000002E)
    .ARM.Collect$$libinit$$00000030          0x0000015a   Section        0  libinit2.o(.ARM.Collect$$libinit$$00000030)
    .ARM.Collect$$libinit$$00000032          0x0000015a   Section        0  libinit2.o(.ARM.Collect$$libinit$$00000032)
    .ARM.Collect$$libinit$$00000034          0x0000015a   Section        0  libinit2.o(.ARM.Collect$$libinit$$00000034)
    .ARM.Collect$$libinit$$00000035          0x0000015a   Section        2  libinit2.o(.ARM.Collect$$libinit$$00000035)
    .ARM.Collect$$libshutdown$$00000000      0x0000015c   Section        2  libshutdown.o(.ARM.Collect$$libshutdown$$00000000)
    .ARM.Collect$$libshutdown$$00000002      0x0000015e   Section        0  libshutdown2.o(.ARM.Collect$$libshutdown$$00000002)
    .ARM.Collect$$libshutdown$$00000004      0x0000015e   Section        0  libshutdown2.o(.ARM.Collect$$libshutdown$$00000004)
    .ARM.Collect$$libshutdown$$00000007      0x0000015e   Section        0  libshutdown2.o(.ARM.Collect$$libshutdown$$00000007)
    .ARM.Collect$$libshutdown$$0000000A      0x0000015e   Section        0  libshutdown2.o(.ARM.Collect$$libshutdown$$0000000A)
    .ARM.Collect$$libshutdown$$0000000C      0x0000015e   Section        0  libshutdown2.o(.ARM.Collect$$libshutdown$$0000000C)
    .ARM.Collect$$libshutdown$$0000000F      0x0000015e   Section        0  libshutdown2.o(.ARM.Collect$$libshutdown$$0000000F)
    .ARM.Collect$$libshutdown$$00000010      0x0000015e   Section        2  libshutdown2.o(.ARM.Collect$$libshutdown$$00000010)
    .ARM.Collect$$rtentry$$00000000          0x00000160   Section        0  __rtentry.o(.ARM.Collect$$rtentry$$00000000)
    .ARM.Collect$$rtentry$$00000002          0x00000160   Section        0  __rtentry2.o(.ARM.Collect$$rtentry$$00000002)
    .ARM.Collect$$rtentry$$00000004          0x00000160   Section        6  __rtentry4.o(.ARM.Collect$$rtentry$$00000004)
    .ARM.Collect$$rtentry$$00000009          0x00000166   Section        0  __rtentry2.o(.ARM.Collect$$rtentry$$00000009)
    .ARM.Collect$$rtentry$$0000000A          0x00000166   Section        4  __rtentry2.o(.ARM.Collect$$rtentry$$0000000A)
    .ARM.Collect$$rtentry$$0000000C          0x0000016a   Section        0  __rtentry2.o(.ARM.Collect$$rtentry$$0000000C)
    .ARM.Collect$$rtentry$$0000000D          0x0000016a   Section        8  __rtentry2.o(.ARM.Collect$$rtentry$$0000000D)
    .ARM.Collect$$rtexit$$00000000           0x00000172   Section        2  rtexit.o(.ARM.Collect$$rtexit$$00000000)
    .ARM.Collect$$rtexit$$00000002           0x00000174   Section        0  rtexit2.o(.ARM.Collect$$rtexit$$00000002)
    .ARM.Collect$$rtexit$$00000003           0x00000174   Section        4  rtexit2.o(.ARM.Collect$$rtexit$$00000003)
    .ARM.Collect$$rtexit$$00000004           0x00000178   Section        6  rtexit2.o(.ARM.Collect$$rtexit$$00000004)
    .text                                    0x00000180   Section       44  startup_sn32f400.o(.text)
    .text                                    0x000001ac   Section        0  heapauxi.o(.text)
    .text                                    0x000001b2   Section       62  sys_stackheap_outer.o(.text)
    .text                                    0x000001f0   Section        0  exit.o(.text)
    .text                                    0x00000200   Section        8  libspace.o(.text)
    .text                                    0x00000208   Section        0  sys_exit.o(.text)
    .text                                    0x00000214   Section        2  use_no_semi.o(.text)
    .text                                    0x00000216   Section        0  indicate_semi.o(.text)
    [Anonymous Symbol]                       0x00000218   Section        0  perclos.o(.text.Buzzer_Init)
    [Anonymous Symbol]                       0x00000228   Section        0  segment.o(.text.Digital_DisplayDEC)
    __arm_cp.0_0                             0x00000294   Number         4  segment.o(.text.Digital_DisplayDEC)
    __arm_cp.0_1                             0x00000298   Number         4  segment.o(.text.Digital_DisplayDEC)
    __arm_cp.0_2                             0x0000029c   Number         4  segment.o(.text.Digital_DisplayDEC)
    __arm_cp.0_4                             0x000002a0   Number         4  segment.o(.text.Digital_DisplayDEC)
    __arm_cp.0_5                             0x000002a4   Number         4  segment.o(.text.Digital_DisplayDEC)
    __arm_cp.0_6                             0x000002a8   Number         4  segment.o(.text.Digital_DisplayDEC)
    __arm_cp.0_7                             0x000002ac   Number         4  segment.o(.text.Digital_DisplayDEC)
    [Anonymous Symbol]                       0x000002b0   Section        0  segment.o(.text.Digital_Scan)
    __arm_cp.2_0                             0x000002e4   Number         4  segment.o(.text.Digital_Scan)
    __arm_cp.2_1                             0x000002e8   Number         4  segment.o(.text.Digital_Scan)
    __arm_cp.2_2                             0x000002ec   Number         4  segment.o(.text.Digital_Scan)
    __arm_cp.2_4                             0x00000300   Number         4  segment.o(.text.Digital_Scan)
    [Anonymous Symbol]                       0x00000304   Section        0  gpio_protocol.o(.text.FPGA_Read_Result)
    __arm_cp.1_0                             0x00000310   Number         4  gpio_protocol.o(.text.FPGA_Read_Result)
    [Anonymous Symbol]                       0x00000314   Section        0  gpio_protocol.o(.text.FPGA_Sync_GPIO_Init)
    __arm_cp.0_0                             0x0000035c   Number         4  gpio_protocol.o(.text.FPGA_Sync_GPIO_Init)
    __arm_cp.0_1                             0x00000360   Number         4  gpio_protocol.o(.text.FPGA_Sync_GPIO_Init)
    __arm_cp.0_2                             0x00000364   Number         4  gpio_protocol.o(.text.FPGA_Sync_GPIO_Init)
    [Anonymous Symbol]                       0x00000368   Section        0  gpio.o(.text.GPIO_Init)
    __arm_cp.0_0                             0x0000037c   Number         4  gpio.o(.text.GPIO_Init)
    [Anonymous Symbol]                       0x00000380   Section        0  main.o(.text.HardFault_Handler)
    __arm_cp.5_0                             0x00000394   Number         4  main.o(.text.HardFault_Handler)
    __arm_cp.5_1                             0x00000398   Number         4  main.o(.text.HardFault_Handler)
    [Anonymous Symbol]                       0x0000039c   Section        0  gpio.o(.text.P0_IRQHandler)
    __arm_cp.1_0                             0x000003a4   Number         4  gpio.o(.text.P0_IRQHandler)
    [Anonymous Symbol]                       0x000003a8   Section        0  gpio.o(.text.P1_IRQHandler)
    __arm_cp.2_0                             0x000003b0   Number         4  gpio.o(.text.P1_IRQHandler)
    [Anonymous Symbol]                       0x000003b4   Section        0  gpio.o(.text.P2_IRQHandler)
    __arm_cp.3_0                             0x000003bc   Number         4  gpio.o(.text.P2_IRQHandler)
    __arm_cp.3_1                             0x000003c0   Number         4  gpio.o(.text.P2_IRQHandler)
    [Anonymous Symbol]                       0x000003c4   Section        0  gpio_protocol.o(.text.P3_IRQHandler)
    __arm_cp.2_0                             0x000003d8   Number         4  gpio_protocol.o(.text.P3_IRQHandler)
    [Anonymous Symbol]                       0x000003dc   Section        0  pfpa.o(.text.PFPA_Init)
    __arm_cp.0_0                             0x000003f4   Number         4  pfpa.o(.text.PFPA_Init)
    __arm_cp.0_1                             0x000003f8   Number         4  pfpa.o(.text.PFPA_Init)
    [Anonymous Symbol]                       0x000003fc   Section        0  main.o(.text.Scan_Clock_Buttons)
    __arm_cp.3_0                             0x00000474   Number         4  main.o(.text.Scan_Clock_Buttons)
    [Anonymous Symbol]                       0x00000478   Section        0  system_sn32f400.o(.text.SystemCoreClockUpdate)
    __arm_cp.0_0                             0x00000514   Number         4  system_sn32f400.o(.text.SystemCoreClockUpdate)
    __arm_cp.0_1                             0x00000518   Number         4  system_sn32f400.o(.text.SystemCoreClockUpdate)
    __arm_cp.0_2                             0x0000051c   Number         4  system_sn32f400.o(.text.SystemCoreClockUpdate)
    __arm_cp.0_3                             0x00000520   Number         4  system_sn32f400.o(.text.SystemCoreClockUpdate)
    __arm_cp.0_4                             0x00000524   Number         4  system_sn32f400.o(.text.SystemCoreClockUpdate)
    __arm_cp.0_5                             0x00000528   Number         4  system_sn32f400.o(.text.SystemCoreClockUpdate)
    __arm_cp.0_8                             0x0000054c   Number         4  system_sn32f400.o(.text.SystemCoreClockUpdate)
    __arm_cp.0_9                             0x00000550   Number         4  system_sn32f400.o(.text.SystemCoreClockUpdate)
    [Anonymous Symbol]                       0x00000554   Section        0  system_sn32f400.o(.text.SystemInit)
    __arm_cp.1_0                             0x00000580   Number         4  system_sn32f400.o(.text.SystemInit)
    [Anonymous Symbol]                       0x00000584   Section        0  utility.o(.text.UT_DelayNx10us)
    [Anonymous Symbol]                       0x0000059c   Section        0  perclos.o(.text.Update_PERCLOS_And_Alarm)
    __arm_cp.1_0                             0x000005c0   Number         4  perclos.o(.text.Update_PERCLOS_And_Alarm)
    __arm_cp.1_1                             0x000005c4   Number         4  perclos.o(.text.Update_PERCLOS_And_Alarm)
    [Anonymous Symbol]                       0x000005c8   Section        0  wdt.o(.text.WDT_IRQHandler)
    [Anonymous Symbol]                       0x000005dc   Section        0  wdt.o(.text.WDT_Init)
    __arm_cp.1_0                             0x000005f8   Number         4  wdt.o(.text.WDT_Init)
    __arm_cp.1_1                             0x000005fc   Number         4  wdt.o(.text.WDT_Init)
    [Anonymous Symbol]                       0x00000600   Section        0  main.o(.text.main)
    __arm_cp.0_0                             0x000006d8   Number         4  main.o(.text.main)
    __arm_cp.0_1                             0x000006dc   Number         4  main.o(.text.main)
    __arm_cp.0_2                             0x000006e0   Number         4  main.o(.text.main)
    __arm_cp.0_3                             0x000006e4   Number         4  main.o(.text.main)
    __arm_cp.0_4                             0x000006e8   Number         4  main.o(.text.main)
    __arm_cp.0_5                             0x000006ec   Number         4  main.o(.text.main)
    __arm_cp.0_6                             0x000006f0   Number         4  main.o(.text.main)
    __arm_cp.0_7                             0x000006f4   Number         4  main.o(.text.main)
    __arm_cp.0_8                             0x000006f8   Number         4  main.o(.text.main)
    __arm_cp.0_9                             0x000006fc   Number         4  main.o(.text.main)
    __arm_cp.0_10                            0x00000700   Number         4  main.o(.text.main)
    .text_divfast                            0x00000704   Section      502  aeabi_sdivfast.o(.text_divfast)
    .ARM.__at_0x00007FFC                     0x00007ffc   Section        4  startup_sn32f400.o(.ARM.__at_0x00007FFC)
    .bss                                     0x20000008   Section       96  libspace.o(.bss)
    Heap_Mem                                 0x20000080   Data           0  startup_sn32f400.o(HEAP)
    Stack_Mem                                0x20000080   Data         512  startup_sn32f400.o(STACK)
    HEAP                                     0x20000080   Section        0  startup_sn32f400.o(HEAP)
    STACK                                    0x20000080   Section      512  startup_sn32f400.o(STACK)
    __initial_sp                             0x20000280   Data           0  startup_sn32f400.o(STACK)

    Global Symbols

    Symbol Name                              Value     Ov Type        Size  Object(Section)

    BuildAttributes$$THM_ISAv3M$S$PE$A:L22$X:L11$S22$IEEE1$IW$~IW$USESV6$~STKCKD$USESV7$~SHL$OTIME$ROPI$EBA8$UX$STANDARDLIB$REQ8$PRES8$EABIv2 0x00000000   Number         0  anon$$obj.o ABSOLUTE
    __Vectors                                0x00000000   Data           4  startup_sn32f400.o(RESET)
    __ARM_exceptions_init                     - Undefined Weak Reference
    __alloca_initialize                       - Undefined Weak Reference
    __arm_preinit_                            - Undefined Weak Reference
    __arm_relocate_pie_                       - Undefined Weak Reference
    __cpp_initialize__aeabi_                  - Undefined Weak Reference
    __cxa_finalize                            - Undefined Weak Reference
    __rt_locale                               - Undefined Weak Reference
    __sigvec_lookup                           - Undefined Weak Reference
    _atexit_init                              - Undefined Weak Reference
    _call_atexit_fns                          - Undefined Weak Reference
    _clock_init                               - Undefined Weak Reference
    _fp_trap_init                             - Undefined Weak Reference
    _fp_trap_shutdown                         - Undefined Weak Reference
    _get_lc_collate                           - Undefined Weak Reference
    _get_lc_ctype                             - Undefined Weak Reference
    _get_lc_monetary                          - Undefined Weak Reference
    _get_lc_numeric                           - Undefined Weak Reference
    _get_lc_time                              - Undefined Weak Reference
    _getenv_init                              - Undefined Weak Reference
    _handle_redirection                       - Undefined Weak Reference
    _init_alloc                               - Undefined Weak Reference
    _init_user_alloc                          - Undefined Weak Reference
    _initio                                   - Undefined Weak Reference
    _rand_init                                - Undefined Weak Reference
    _signal_finish                            - Undefined Weak Reference
    _signal_init                              - Undefined Weak Reference
    _terminate_alloc                          - Undefined Weak Reference
    _terminate_user_alloc                     - Undefined Weak Reference
    _terminateio                              - Undefined Weak Reference
    __main                                   0x000000c1   Thumb Code     8  __main.o(!!!main)
    __scatterload                            0x000000c9   Thumb Code     0  __scatter.o(!!!scatter)
    __scatterload_rt2                        0x000000c9   Thumb Code    74  __scatter.o(!!!scatter)
    __scatterload_rt2_thumb_only             0x000000c9   Thumb Code     0  __scatter.o(!!!scatter)
    __scatterload_loop                       0x000000d3   Thumb Code     0  __scatter.o(!!!scatter)
    __scatterload_copy                       0x0000011d   Thumb Code    26  __scatter_copy.o(!!handler_copy)
    __scatterload_null                       0x00000139   Thumb Code     2  __scatter.o(!!handler_null)
    __scatterload_zeroinit                   0x0000013d   Thumb Code    28  __scatter_zi.o(!!handler_zi)
    __rt_lib_init                            0x00000159   Thumb Code     0  libinit.o(.ARM.Collect$$libinit$$00000000)
    __rt_lib_init_alloca_1                   0x0000015b   Thumb Code     0  libinit2.o(.ARM.Collect$$libinit$$00000030)
    __rt_lib_init_argv_1                     0x0000015b   Thumb Code     0  libinit2.o(.ARM.Collect$$libinit$$0000002E)
    __rt_lib_init_atexit_1                   0x0000015b   Thumb Code     0  libinit2.o(.ARM.Collect$$libinit$$0000001D)
    __rt_lib_init_clock_1                    0x0000015b   Thumb Code     0  libinit2.o(.ARM.Collect$$libinit$$00000023)
    __rt_lib_init_cpp_1                      0x0000015b   Thumb Code     0  libinit2.o(.ARM.Collect$$libinit$$00000034)
    __rt_lib_init_exceptions_1               0x0000015b   Thumb Code     0  libinit2.o(.ARM.Collect$$libinit$$00000032)
    __rt_lib_init_fp_1                       0x0000015b   Thumb Code     0  libinit2.o(.ARM.Collect$$libinit$$00000002)
    __rt_lib_init_fp_trap_1                  0x0000015b   Thumb Code     0  libinit2.o(.ARM.Collect$$libinit$$00000021)
    __rt_lib_init_getenv_1                   0x0000015b   Thumb Code     0  libinit2.o(.ARM.Collect$$libinit$$00000025)
    __rt_lib_init_heap_1                     0x0000015b   Thumb Code     0  libinit2.o(.ARM.Collect$$libinit$$0000000C)
    __rt_lib_init_lc_collate_1               0x0000015b   Thumb Code     0  libinit2.o(.ARM.Collect$$libinit$$00000013)
    __rt_lib_init_lc_ctype_1                 0x0000015b   Thumb Code     0  libinit2.o(.ARM.Collect$$libinit$$00000015)
    __rt_lib_init_lc_monetary_1              0x0000015b   Thumb Code     0  libinit2.o(.ARM.Collect$$libinit$$00000017)
    __rt_lib_init_lc_numeric_1               0x0000015b   Thumb Code     0  libinit2.o(.ARM.Collect$$libinit$$00000019)
    __rt_lib_init_lc_time_1                  0x0000015b   Thumb Code     0  libinit2.o(.ARM.Collect$$libinit$$0000001B)
    __rt_lib_init_preinit_1                  0x0000015b   Thumb Code     0  libinit2.o(.ARM.Collect$$libinit$$00000006)
    __rt_lib_init_rand_1                     0x0000015b   Thumb Code     0  libinit2.o(.ARM.Collect$$libinit$$00000010)
    __rt_lib_init_relocate_pie_1             0x0000015b   Thumb Code     0  libinit2.o(.ARM.Collect$$libinit$$00000004)
    __rt_lib_init_return                     0x0000015b   Thumb Code     0  libinit2.o(.ARM.Collect$$libinit$$00000035)
    __rt_lib_init_signal_1                   0x0000015b   Thumb Code     0  libinit2.o(.ARM.Collect$$libinit$$0000001F)
    __rt_lib_init_stdio_1                    0x0000015b   Thumb Code     0  libinit2.o(.ARM.Collect$$libinit$$00000027)
    __rt_lib_init_user_alloc_1               0x0000015b   Thumb Code     0  libinit2.o(.ARM.Collect$$libinit$$0000000E)
    __rt_lib_shutdown                        0x0000015d   Thumb Code     0  libshutdown.o(.ARM.Collect$$libshutdown$$00000000)
    __rt_lib_shutdown_cpp_1                  0x0000015f   Thumb Code     0  libshutdown2.o(.ARM.Collect$$libshutdown$$00000002)
    __rt_lib_shutdown_fp_trap_1              0x0000015f   Thumb Code     0  libshutdown2.o(.ARM.Collect$$libshutdown$$00000007)
    __rt_lib_shutdown_heap_1                 0x0000015f   Thumb Code     0  libshutdown2.o(.ARM.Collect$$libshutdown$$0000000F)
    __rt_lib_shutdown_return                 0x0000015f   Thumb Code     0  libshutdown2.o(.ARM.Collect$$libshutdown$$00000010)
    __rt_lib_shutdown_signal_1               0x0000015f   Thumb Code     0  libshutdown2.o(.ARM.Collect$$libshutdown$$0000000A)
    __rt_lib_shutdown_stdio_1                0x0000015f   Thumb Code     0  libshutdown2.o(.ARM.Collect$$libshutdown$$00000004)
    __rt_lib_shutdown_user_alloc_1           0x0000015f   Thumb Code     0  libshutdown2.o(.ARM.Collect$$libshutdown$$0000000C)
    __rt_entry                               0x00000161   Thumb Code     0  __rtentry.o(.ARM.Collect$$rtentry$$00000000)
    __rt_entry_presh_1                       0x00000161   Thumb Code     0  __rtentry2.o(.ARM.Collect$$rtentry$$00000002)
    __rt_entry_sh                            0x00000161   Thumb Code     0  __rtentry4.o(.ARM.Collect$$rtentry$$00000004)
    __rt_entry_li                            0x00000167   Thumb Code     0  __rtentry2.o(.ARM.Collect$$rtentry$$0000000A)
    __rt_entry_postsh_1                      0x00000167   Thumb Code     0  __rtentry2.o(.ARM.Collect$$rtentry$$00000009)
    __rt_entry_main                          0x0000016b   Thumb Code     0  __rtentry2.o(.ARM.Collect$$rtentry$$0000000D)
    __rt_entry_postli_1                      0x0000016b   Thumb Code     0  __rtentry2.o(.ARM.Collect$$rtentry$$0000000C)
    __rt_exit                                0x00000173   Thumb Code     0  rtexit.o(.ARM.Collect$$rtexit$$00000000)
    __rt_exit_ls                             0x00000175   Thumb Code     0  rtexit2.o(.ARM.Collect$$rtexit$$00000003)
    __rt_exit_prels_1                        0x00000175   Thumb Code     0  rtexit2.o(.ARM.Collect$$rtexit$$00000002)
    __rt_exit_exit                           0x00000179   Thumb Code     0  rtexit2.o(.ARM.Collect$$rtexit$$00000004)
    Reset_Handler                            0x00000181   Thumb Code     4  startup_sn32f400.o(.text)
    NMI_Handler                              0x00000185   Thumb Code     2  startup_sn32f400.o(.text)
    SVC_Handler                              0x00000189   Thumb Code     2  startup_sn32f400.o(.text)
    PendSV_Handler                           0x0000018b   Thumb Code     2  startup_sn32f400.o(.text)
    SysTick_Handler                          0x0000018d   Thumb Code     2  startup_sn32f400.o(.text)
    ADC_IRQHandler                           0x0000018f   Thumb Code     0  startup_sn32f400.o(.text)
    ATAN_IRQHandler                          0x0000018f   Thumb Code     0  startup_sn32f400.o(.text)
    CMP0_IRQHandler                          0x0000018f   Thumb Code     0  startup_sn32f400.o(.text)
    CMP1_IRQHandler                          0x0000018f   Thumb Code     0  startup_sn32f400.o(.text)
    CMP2_IRQHandler                          0x0000018f   Thumb Code     0  startup_sn32f400.o(.text)
    CMP3_IRQHandler                          0x0000018f   Thumb Code     0  startup_sn32f400.o(.text)
    CT16B0_IRQHandler                        0x0000018f   Thumb Code     0  startup_sn32f400.o(.text)
    CT16B1_IRQHandler                        0x0000018f   Thumb Code     0  startup_sn32f400.o(.text)
    CT16B5_IRQHandler                        0x0000018f   Thumb Code     0  startup_sn32f400.o(.text)
    DIV_IRQHandler                           0x0000018f   Thumb Code     0  startup_sn32f400.o(.text)
    DMA_IRQHandler                           0x0000018f   Thumb Code     0  startup_sn32f400.o(.text)
    FOC_IRQHandler                           0x0000018f   Thumb Code     0  startup_sn32f400.o(.text)
    I2C0_IRQHandler                          0x0000018f   Thumb Code     0  startup_sn32f400.o(.text)
    LVD_IRQHandler                           0x0000018f   Thumb Code     0  startup_sn32f400.o(.text)
    NDT_IRQHandler                           0x0000018f   Thumb Code     0  startup_sn32f400.o(.text)
    RTC_IRQHandler                           0x0000018f   Thumb Code     0  startup_sn32f400.o(.text)
    SPI0_IRQHandler                          0x0000018f   Thumb Code     0  startup_sn32f400.o(.text)
    SQRT_IRQHandler                          0x0000018f   Thumb Code     0  startup_sn32f400.o(.text)
    UART0_IRQHandler                         0x0000018f   Thumb Code     0  startup_sn32f400.o(.text)
    UART1_IRQHandler                         0x0000018f   Thumb Code     0  startup_sn32f400.o(.text)
    __user_initial_stackheap                 0x00000191   Thumb Code     0  startup_sn32f400.o(.text)
    __use_two_region_memory                  0x000001ad   Thumb Code     2  heapauxi.o(.text)
    __rt_heap_escrow$2region                 0x000001af   Thumb Code     2  heapauxi.o(.text)
    __rt_heap_expand$2region                 0x000001b1   Thumb Code     2  heapauxi.o(.text)
    __user_setup_stackheap                   0x000001b3   Thumb Code    62  sys_stackheap_outer.o(.text)
    exit                                     0x000001f1   Thumb Code    16  exit.o(.text)
    __user_libspace                          0x00000201   Thumb Code     8  libspace.o(.text)
    __user_perproc_libspace                  0x00000201   Thumb Code     0  libspace.o(.text)
    __user_perthread_libspace                0x00000201   Thumb Code     0  libspace.o(.text)
    _sys_exit                                0x00000209   Thumb Code     8  sys_exit.o(.text)
    __I$use$semihosting                      0x00000215   Thumb Code     0  use_no_semi.o(.text)
    __use_no_semihosting_swi                 0x00000215   Thumb Code     2  use_no_semi.o(.text)
    __semihosting_library_function           0x00000217   Thumb Code     0  indicate_semi.o(.text)
    Buzzer_Init                              0x00000219   Thumb Code    16  perclos.o(.text.Buzzer_Init)
    Digital_DisplayDEC                       0x00000229   Thumb Code   108  segment.o(.text.Digital_DisplayDEC)
    Digital_Scan                             0x000002b1   Thumb Code    52  segment.o(.text.Digital_Scan)
    FPGA_Read_Result                         0x00000305   Thumb Code    12  gpio_protocol.o(.text.FPGA_Read_Result)
    FPGA_Sync_GPIO_Init                      0x00000315   Thumb Code    72  gpio_protocol.o(.text.FPGA_Sync_GPIO_Init)
    GPIO_Init                                0x00000369   Thumb Code    20  gpio.o(.text.GPIO_Init)
    HardFault_Handler                        0x00000381   Thumb Code    20  main.o(.text.HardFault_Handler)
    P0_IRQHandler                            0x0000039d   Thumb Code     8  gpio.o(.text.P0_IRQHandler)
    P1_IRQHandler                            0x000003a9   Thumb Code     8  gpio.o(.text.P1_IRQHandler)
    P2_IRQHandler                            0x000003b5   Thumb Code     8  gpio.o(.text.P2_IRQHandler)
    P3_IRQHandler                            0x000003c5   Thumb Code    20  gpio_protocol.o(.text.P3_IRQHandler)
    PFPA_Init                                0x000003dd   Thumb Code    24  pfpa.o(.text.PFPA_Init)
    Scan_Clock_Buttons                       0x000003fd   Thumb Code   120  main.o(.text.Scan_Clock_Buttons)
    SystemCoreClockUpdate                    0x00000479   Thumb Code   156  system_sn32f400.o(.text.SystemCoreClockUpdate)
    SystemInit                               0x00000555   Thumb Code    44  system_sn32f400.o(.text.SystemInit)
    UT_DelayNx10us                           0x00000585   Thumb Code    22  utility.o(.text.UT_DelayNx10us)
    Update_PERCLOS_And_Alarm                 0x0000059d   Thumb Code    36  perclos.o(.text.Update_PERCLOS_And_Alarm)
    WDT_IRQHandler                           0x000005c9   Thumb Code    20  wdt.o(.text.WDT_IRQHandler)
    WDT_Init                                 0x000005dd   Thumb Code    28  wdt.o(.text.WDT_Init)
    main                                     0x00000601   Thumb Code   216  main.o(.text.main)
    __aeabi_uidiv                            0x00000705   Thumb Code    68  aeabi_sdivfast.o(.text_divfast)
    __aeabi_idiv                             0x00000749   Thumb Code   434  aeabi_sdivfast.o(.text_divfast)
    SEGMENT_TABLE                            0x000008fa   Data          17  segment.o(.rodata.SEGMENT_TABLE)
    Region$$Table$$Base                      0x0000090c   Number         0  anon$$obj.o(Region$$Table)
    Region$$Table$$Limit                     0x0000092c   Number         0  anon$$obj.o(Region$$Table)
    hours                                    0x20000000   Data           1  main.o(.data.hours)
    __libspace_start                         0x20000008   Data          96  libspace.o(.bss)
    SystemCoreClock                          0x20000068   Data           4  system_sn32f400.o(.bss.SystemCoreClock)
    __temporary_stack_top$libspace           0x20000068   Data           0  libspace.o(.bss)
    com_scan                                 0x2000006c   Data           1  segment.o(.bss.com_scan)
    consecutive_closed_count                 0x2000006e   Data           2  perclos.o(.bss.consecutive_closed_count)
    flag_fpga_done                           0x20000070   Data           1  gpio_protocol.o(.bss.flag_fpga_done)
    minutes                                  0x20000071   Data           1  main.o(.bss.minutes)
    ms_tick                                  0x20000072   Data           2  main.o(.bss.ms_tick)
    seconds                                  0x20000074   Data           1  main.o(.bss.seconds)
    segment_buff                             0x20000078   Data           4  segment.o(.bss.segment_buff)



==============================================================================

Memory Map of the image

  Image Entry point : 0x000000c1

  Load Region LR_IROM1 (Base: 0x00000000, Size: 0x00000938, Max: 0x00007ffc, ABSOLUTE)

    Execution Region ER_IROM1 (Exec base: 0x00000000, Load base: 0x00000000, Size: 0x0000092c, Max: 0x00007ffc, ABSOLUTE)

    Exec Addr    Load Addr    Size         Type   Attr      Idx    E Section Name        Object

    0x00000000   0x00000000   0x000000c0   Data   RO          125    RESET               startup_sn32f400.o
    0x000000c0   0x000000c0   0x00000008   Code   RO          160  * !!!main             c_p.l(__main.o)
    0x000000c8   0x000000c8   0x00000054   Code   RO          337    !!!scatter          c_p.l(__scatter.o)
    0x0000011c   0x0000011c   0x0000001a   Code   RO          341    !!handler_copy      c_p.l(__scatter_copy.o)
    0x00000136   0x00000136   0x00000002   PAD
    0x00000138   0x00000138   0x00000002   Code   RO          338    !!handler_null      c_p.l(__scatter.o)
    0x0000013a   0x0000013a   0x00000002   PAD
    0x0000013c   0x0000013c   0x0000001c   Code   RO          343    !!handler_zi        c_p.l(__scatter_zi.o)
    0x00000158   0x00000158   0x00000002   Code   RO          198    .ARM.Collect$$libinit$$00000000  c_p.l(libinit.o)
    0x0000015a   0x0000015a   0x00000000   Code   RO          212    .ARM.Collect$$libinit$$00000002  c_p.l(libinit2.o)
    0x0000015a   0x0000015a   0x00000000   Code   RO          214    .ARM.Collect$$libinit$$00000004  c_p.l(libinit2.o)
    0x0000015a   0x0000015a   0x00000000   Code   RO          216    .ARM.Collect$$libinit$$00000006  c_p.l(libinit2.o)
    0x0000015a   0x0000015a   0x00000000   Code   RO          219    .ARM.Collect$$libinit$$0000000C  c_p.l(libinit2.o)
    0x0000015a   0x0000015a   0x00000000   Code   RO          221    .ARM.Collect$$libinit$$0000000E  c_p.l(libinit2.o)
    0x0000015a   0x0000015a   0x00000000   Code   RO          223    .ARM.Collect$$libinit$$00000010  c_p.l(libinit2.o)
    0x0000015a   0x0000015a   0x00000000   Code   RO          226    .ARM.Collect$$libinit$$00000013  c_p.l(libinit2.o)
    0x0000015a   0x0000015a   0x00000000   Code   RO          228    .ARM.Collect$$libinit$$00000015  c_p.l(libinit2.o)
    0x0000015a   0x0000015a   0x00000000   Code   RO          230    .ARM.Collect$$libinit$$00000017  c_p.l(libinit2.o)
    0x0000015a   0x0000015a   0x00000000   Code   RO          232    .ARM.Collect$$libinit$$00000019  c_p.l(libinit2.o)
    0x0000015a   0x0000015a   0x00000000   Code   RO          234    .ARM.Collect$$libinit$$0000001B  c_p.l(libinit2.o)
    0x0000015a   0x0000015a   0x00000000   Code   RO          236    .ARM.Collect$$libinit$$0000001D  c_p.l(libinit2.o)
    0x0000015a   0x0000015a   0x00000000   Code   RO          238    .ARM.Collect$$libinit$$0000001F  c_p.l(libinit2.o)
    0x0000015a   0x0000015a   0x00000000   Code   RO          240    .ARM.Collect$$libinit$$00000021  c_p.l(libinit2.o)
    0x0000015a   0x0000015a   0x00000000   Code   RO          242    .ARM.Collect$$libinit$$00000023  c_p.l(libinit2.o)
    0x0000015a   0x0000015a   0x00000000   Code   RO          244    .ARM.Collect$$libinit$$00000025  c_p.l(libinit2.o)
    0x0000015a   0x0000015a   0x00000000   Code   RO          246    .ARM.Collect$$libinit$$00000027  c_p.l(libinit2.o)
    0x0000015a   0x0000015a   0x00000000   Code   RO          250    .ARM.Collect$$libinit$$0000002E  c_p.l(libinit2.o)
    0x0000015a   0x0000015a   0x00000000   Code   RO          252    .ARM.Collect$$libinit$$00000030  c_p.l(libinit2.o)
    0x0000015a   0x0000015a   0x00000000   Code   RO          254    .ARM.Collect$$libinit$$00000032  c_p.l(libinit2.o)
    0x0000015a   0x0000015a   0x00000000   Code   RO          256    .ARM.Collect$$libinit$$00000034  c_p.l(libinit2.o)
    0x0000015a   0x0000015a   0x00000002   Code   RO          257    .ARM.Collect$$libinit$$00000035  c_p.l(libinit2.o)
    0x0000015c   0x0000015c   0x00000002   Code   RO          292    .ARM.Collect$$libshutdown$$00000000  c_p.l(libshutdown.o)
    0x0000015e   0x0000015e   0x00000000   Code   RO          320    .ARM.Collect$$libshutdown$$00000002  c_p.l(libshutdown2.o)
    0x0000015e   0x0000015e   0x00000000   Code   RO          322    .ARM.Collect$$libshutdown$$00000004  c_p.l(libshutdown2.o)
    0x0000015e   0x0000015e   0x00000000   Code   RO          325    .ARM.Collect$$libshutdown$$00000007  c_p.l(libshutdown2.o)
    0x0000015e   0x0000015e   0x00000000   Code   RO          328    .ARM.Collect$$libshutdown$$0000000A  c_p.l(libshutdown2.o)
    0x0000015e   0x0000015e   0x00000000   Code   RO          330    .ARM.Collect$$libshutdown$$0000000C  c_p.l(libshutdown2.o)
    0x0000015e   0x0000015e   0x00000000   Code   RO          333    .ARM.Collect$$libshutdown$$0000000F  c_p.l(libshutdown2.o)
    0x0000015e   0x0000015e   0x00000002   Code   RO          334    .ARM.Collect$$libshutdown$$00000010  c_p.l(libshutdown2.o)
    0x00000160   0x00000160   0x00000000   Code   RO          162    .ARM.Collect$$rtentry$$00000000  c_p.l(__rtentry.o)
    0x00000160   0x00000160   0x00000000   Code   RO          168    .ARM.Collect$$rtentry$$00000002  c_p.l(__rtentry2.o)
    0x00000160   0x00000160   0x00000006   Code   RO          180    .ARM.Collect$$rtentry$$00000004  c_p.l(__rtentry4.o)
    0x00000166   0x00000166   0x00000000   Code   RO          170    .ARM.Collect$$rtentry$$00000009  c_p.l(__rtentry2.o)
    0x00000166   0x00000166   0x00000004   Code   RO          171    .ARM.Collect$$rtentry$$0000000A  c_p.l(__rtentry2.o)
    0x0000016a   0x0000016a   0x00000000   Code   RO          173    .ARM.Collect$$rtentry$$0000000C  c_p.l(__rtentry2.o)
    0x0000016a   0x0000016a   0x00000008   Code   RO          174    .ARM.Collect$$rtentry$$0000000D  c_p.l(__rtentry2.o)
    0x00000172   0x00000172   0x00000002   Code   RO          203    .ARM.Collect$$rtexit$$00000000  c_p.l(rtexit.o)
    0x00000174   0x00000174   0x00000000   Code   RO          263    .ARM.Collect$$rtexit$$00000002  c_p.l(rtexit2.o)
    0x00000174   0x00000174   0x00000004   Code   RO          264    .ARM.Collect$$rtexit$$00000003  c_p.l(rtexit2.o)
    0x00000178   0x00000178   0x00000006   Code   RO          265    .ARM.Collect$$rtexit$$00000004  c_p.l(rtexit2.o)
    0x0000017e   0x0000017e   0x00000002   PAD
    0x00000180   0x00000180   0x0000002c   Code   RO          127    .text               startup_sn32f400.o
    0x000001ac   0x000001ac   0x00000006   Code   RO          158    .text               c_p.l(heapauxi.o)
    0x000001b2   0x000001b2   0x0000003e   Code   RO          184    .text               c_p.l(sys_stackheap_outer.o)
    0x000001f0   0x000001f0   0x00000010   Code   RO          187    .text               c_p.l(exit.o)
    0x00000200   0x00000200   0x00000008   Code   RO          199    .text               c_p.l(libspace.o)
    0x00000208   0x00000208   0x0000000c   Code   RO          258    .text               c_p.l(sys_exit.o)
    0x00000214   0x00000214   0x00000002   Code   RO          281    .text               c_p.l(use_no_semi.o)
    0x00000216   0x00000216   0x00000000   Code   RO          283    .text               c_p.l(indicate_semi.o)
    0x00000216   0x00000216   0x00000002   PAD
    0x00000218   0x00000218   0x00000010   Code   RO           41    .text.Buzzer_Init   perclos.o
    0x00000228   0x00000228   0x00000088   Code   RO          107    .text.Digital_DisplayDEC  segment.o
    0x000002b0   0x000002b0   0x00000054   Code   RO          111    .text.Digital_Scan  segment.o
    0x00000304   0x00000304   0x00000010   Code   RO           29    .text.FPGA_Read_Result  gpio_protocol.o
    0x00000314   0x00000314   0x00000054   Code   RO           27    .text.FPGA_Sync_GPIO_Init  gpio_protocol.o
    0x00000368   0x00000368   0x00000018   Code   RO           62    .text.GPIO_Init     gpio.o
    0x00000380   0x00000380   0x0000001c   Code   RO           12    .text.HardFault_Handler  main.o
    0x0000039c   0x0000039c   0x0000000c   Code   RO           64    .text.P0_IRQHandler  gpio.o
    0x000003a8   0x000003a8   0x0000000c   Code   RO           66    .text.P1_IRQHandler  gpio.o
    0x000003b4   0x000003b4   0x00000010   Code   RO           68    .text.P2_IRQHandler  gpio.o
    0x000003c4   0x000003c4   0x00000018   Code   RO           31    .text.P3_IRQHandler  gpio_protocol.o
    0x000003dc   0x000003dc   0x00000020   Code   RO           54    .text.PFPA_Init     pfpa.o
    0x000003fc   0x000003fc   0x0000007c   Code   RO            8    .text.Scan_Clock_Buttons  main.o
    0x00000478   0x00000478   0x000000dc   Code   RO          136    .text.SystemCoreClockUpdate  system_sn32f400.o
    0x00000554   0x00000554   0x00000030   Code   RO          138    .text.SystemInit    system_sn32f400.o
    0x00000584   0x00000584   0x00000016   Code   RO           95    .text.UT_DelayNx10us  utility.o
    0x0000059a   0x0000059a   0x00000002   PAD
    0x0000059c   0x0000059c   0x0000002c   Code   RO           43    .text.Update_PERCLOS_And_Alarm  perclos.o
    0x000005c8   0x000005c8   0x00000014   Code   RO           77    .text.WDT_IRQHandler  wdt.o
    0x000005dc   0x000005dc   0x00000024   Code   RO           79    .text.WDT_Init      wdt.o
    0x00000600   0x00000600   0x00000104   Code   RO            2    .text.main          main.o
    0x00000704   0x00000704   0x000001f6   Code   RO          151    .text_divfast       c_p.l(aeabi_sdivfast.o)
    0x000008fa   0x000008fa   0x00000011   Data   RO          113    .rodata.SEGMENT_TABLE  segment.o
    0x0000090b   0x0000090b   0x00000001   PAD
    0x0000090c   0x0000090c   0x00000020   Data   RO          336    Region$$Table       anon$$obj.o


    Execution Region RW_IRAM1 (Exec base: 0x20000000, Load base: 0x00000930, Size: 0x00000280, Max: 0x00002000, ABSOLUTE)

    Exec Addr    Load Addr    Size         Type   Attr      Idx    E Section Name        Object

    0x20000000   0x00000930   0x00000001   Data   RW           14    .data.hours         main.o
    0x20000001   0x00000931   0x00000007   PAD
    0x20000008        -       0x00000060   Zero   RW          200    .bss                c_p.l(libspace.o)
    0x20000068        -       0x00000004   Zero   RW          140    .bss.SystemCoreClock  system_sn32f400.o
    0x2000006c        -       0x00000001   Zero   RW          114    .bss.com_scan       segment.o
    0x2000006d   0x00000931   0x00000001   PAD
    0x2000006e        -       0x00000002   Zero   RW           45    .bss.consecutive_closed_count  perclos.o
    0x20000070        -       0x00000001   Zero   RW           33    .bss.flag_fpga_done  gpio_protocol.o
    0x20000071        -       0x00000001   Zero   RW           15    .bss.minutes        main.o
    0x20000072        -       0x00000002   Zero   RW           17    .bss.ms_tick        main.o
    0x20000074        -       0x00000001   Zero   RW           16    .bss.seconds        main.o
    0x20000075   0x00000931   0x00000003   PAD
    0x20000078        -       0x00000004   Zero   RW          115    .bss.segment_buff   segment.o
    0x2000007c   0x00000931   0x00000004   PAD
    0x20000080        -       0x00000000   Zero   RW          124    HEAP                startup_sn32f400.o
    0x20000080        -       0x00000200   Zero   RW          123    STACK               startup_sn32f400.o



  Load Region LR$$.ARM.__at_0x00007FFC (Base: 0x00007ffc, Size: 0x00000004, Max: 0x00000004, ABSOLUTE)

    Execution Region ER$$.ARM.__at_0x00007FFC (Exec base: 0x00007ffc, Load base: 0x00007ffc, Size: 0x00000004, Max: 0x00000004, ABSOLUTE, UNINIT)

    Exec Addr    Load Addr    Size         Type   Attr      Idx    E Section Name        Object

    0x00007ffc   0x00007ffc   0x00000004   Code   RO          126    .ARM.__at_0x00007FFC  startup_sn32f400.o


==============================================================================

Image component sizes


      Code (inc. data)   RO Data    RW Data    ZI Data      Debug   Object Name

        64         20          0          0          0       8731   gpio.o
       124         20          0          0          1       5553   gpio_protocol.o
       412         56          0          1          4      10332   main.o
        60          8          0          0          2       4359   perclos.o
        32          8          0          0          0       2063   pfpa.o
       220         60         17          0          5       7138   segment.o
        48         22        192          0        512        944   startup_sn32f400.o
       268         74          0          0          4       3728   system_sn32f400.o
        22          0          0          0          0       1594   utility.o
        56          8          0          0          0       3400   wdt.o

    ----------------------------------------------------------------------
      1308        276        242          4        540      47842   Object Totals
         0          0         32          0          0          0   (incl. Generated)
         2          0          1          3         12          0   (incl. Padding)

    ----------------------------------------------------------------------

      Code (inc. data)   RO Data    RW Data    ZI Data      Debug   Library Member Name

         8          0          0          0          0         68   __main.o
         0          0          0          0          0          0   __rtentry.o
        12          0          0          0          0          0   __rtentry2.o
         6          0          0          0          0          0   __rtentry4.o
        86         10          0          0          0          0   __scatter.o
        26          0          0          0          0          0   __scatter_copy.o
        28          0          0          0          0          0   __scatter_zi.o
       502          0          0          0          0         92   aeabi_sdivfast.o
        16          0          0          0          0         68   exit.o
         6          0          0          0          0        136   heapauxi.o
         0          0          0          0          0          0   indicate_semi.o
         2          0          0          0          0          0   libinit.o
         2          0          0          0          0          0   libinit2.o
         2          0          0          0          0          0   libshutdown.o
         2          0          0          0          0          0   libshutdown2.o
         8          4          0          0         96         68   libspace.o
         2          0          0          0          0          0   rtexit.o
        10          0          0          0          0          0   rtexit2.o
        12          4          0          0          0         60   sys_exit.o
        62          0          0          0          0         80   sys_stackheap_outer.o
         2          0          0          0          0         68   use_no_semi.o

    ----------------------------------------------------------------------
       802         18          0          0         96        640   Library Totals
         8          0          0          0          0          0   (incl. Padding)

    ----------------------------------------------------------------------

      Code (inc. data)   RO Data    RW Data    ZI Data      Debug   Library Name

       794         18          0          0         96        640   c_p.l

    ----------------------------------------------------------------------
       802         18          0          0         96        640   Library Totals

    ----------------------------------------------------------------------

==============================================================================


      Code (inc. data)   RO Data    RW Data    ZI Data      Debug   

      2110        294        242          4        636      48246   Grand Totals
      2110        294        242          4        636      48246   ELF Image Totals
      2110        294        242          4          0          0   ROM Totals

==============================================================================

    Total RO  Size (Code + RO Data)                 2352 (   2.30kB)
    Total RW  Size (RW Data + ZI Data)               640 (   0.62kB)
    Total ROM Size (Code + RO Data + RW Data)       2356 (   2.30kB)

==============================================================================

